doci -- An implementation of DOCI (Doubly Occupied Configuration Interaction)

input-file
----------

FCIDUMP          = lif_631g_1.FCIDUMP

SOLVER           = DAVIDSON

MAX_ITS          = 1000

TOL              = 1.000000e-08

DAVIDSON_KEEP    = 2

DAVIDSON_MAX_VEC = 30

INITIAL          = Hartree-Fock

----------
	** executing DOCI (4 threads)
	** N = (6,6)
	** L = 28
	** basis size : 376740
----------
--------------------------------------------------
IT	INFO	RESIDUE	ENERGY
1	0	5.126517e-01	-106.932928
2	0	9.646576e-02	-106.999231
3	0	1.316083e-02	-107.000693
4	0	1.405594e-03	-107.000715
5	0	1.382725e-04	-107.000715
6	0	1.704866e-05	-107.000715
7	0	1.587578e-06	-107.000715
8	0	1.859355e-07	-107.000715
9	0	1.719773e-08	-107.000715
10	0	1.656320e-09	-107.000715
Davidson converged in 10 iterations with 1.656320e-09 residue and d_energy 1.421085e-14.
elapsed time : 0.606516 sec
average time per matvec : 0.060652 sec
		 ** EXIT CODE SOLVER : 0
		 ** DOCI ENERGY : -107.0007150075
		 ** ELAPSED TIME : 0.704204
--------------------------------------------------
exiting...
